// Jest Snapshot v1, https://goo.gl/fbAQLP

exports[`<About /> matches snapshot 1`] = `
.c0 {
  box-sizing: border-box;
  margin: 0;
  margin-top: 0;
  margin-bottom: 16px;
  font-size: 20px;
  font-family: Merriweather,serif;
  font-weight: 300;
  text-align: center;
}

@media screen and (min-width:550px) {
  .c0 {
    margin-bottom: 24px;
  }
}

@media screen and (min-width:768px) {
  .c0 {
    margin-bottom: 32px;
  }
}

@media screen and (min-width:550px) {
  .c0 {
    font-size: 30px;
  }
}

@media screen and (min-width:768px) {
  .c0 {
    font-size: 30px;
  }
}

<h2
  class="c0"
  font-family="serif"
  font-size="4,6,6"
  font-weight="300"
>
  About Paderborn.js
</h2>
`;
